
📦 Repomix v1.18.1


⠋ Initializing...


⠙ Searching for files...


⠹ Searching for files...


⠸ Collecting files...


⠼ Processing files...


⠴ Processing files...


⠦ Processing files...


⠧ Running security check... (100/183) src/main/java/com/myjavaworld/jftp/DownloadAndUnzipDlg.java


⠇ Running security check... (183/183) src/main/java/com/myjavaworld/jftp/RenameLocalFileDlg.java


⠏ Processing file... (24/183) src/main/java/com/myjavaworld/gui/MLabel.java


⠋ Processing file... (84/183) src/main/java/com/myjavaworld/jftp/ssl/CertificateManagerDlg.java


⠙ Processing file... (110/183) src/main/java/com/myjavaworld/jftp/HelpMenu.java


⠹ Processing file... (146/183) src/main/java/com/myjavaworld/jftp/RemoteFilePropertiesDlg.java


⠸ Writing output file...


⠼ Writing output file...


✔ Packing completed successfully!

📈 Top 5 Files by Token Count:
──────────────────────────────
1.  src/main/java/com/myjavaworld/jftp/FTPSession.java (4,847 tokens, 20,176 chars, 3.3%)
2.  src/main/java/com/myjavaworld/jftp/JFTP.java (3,741 tokens, 15,622 chars, 2.6%)
3.  src/main/java/com/myjavaworld/jftp/FavoritePropertiesDlg.java (3,308 tokens, 12,965 chars, 2.3%)
4.  src/main/java/com/myjavaworld/jftp/ConnectionDlg.java (2,928 tokens, 11,625 chars, 2%)
5.  src/main/java/com/myjavaworld/jftp/RemoteFilePropertiesDlg.java (2,529 tokens, 9,511 chars, 1.7%)

🔎 Security Check:
──────────────────
✔ No suspicious files detected.


📊 Pack Summary:
────────────────
  Total Files: 183 files
 Total Tokens: 146,244 tokens
  Total Chars: 584,766 chars
       Output: C:\Users\BIUROE~1\AppData\Local\Temp\jftp-repomix-fji8ju2v\jftp-source.compressed.xml
     Security: ✔ No suspicious files detected

🎉 All Done!
Your repository has been successfully packed.

💡 Repomix is now available in your browser! Try it at https://repomix.com
