
📦 Repomix v1.18.1


⠋ Initializing...


⠙ Searching for files...


⠹ Searching for files...


⠸ Collecting files...


⠼ Processing files...


⠴ Processing files...


⠦ Processing files...


⠧ Processing files...


⠇ Running security check... (183/183) src/main/java/com/myjavaworld/jftp/RenameLocalFileDlg.java


⠏ Processing file... (25/183) src/main/java/com/myjavaworld/gui/MList.java


⠋ Processing file... (83/183) src/main/java/com/myjavaworld/jftp/ssl/CertificateManagerDlg.java


⠙ Processing file... (109/183) src/main/java/com/myjavaworld/jftp/GeneralConnectionPrefsPanel.java


⠹ Processing file... (130/183) src/main/java/com/myjavaworld/jftp/LocalPane.java


⠸ Processing file... (177/183) src/main/java/com/myjavaworld/util/StringUtilities.java


⠼ Writing output file...


⠴ Calculating metrics... (183/183) src/main/java/com/myjavaworld/zip/ZipListener.java


⠦ Calculating metrics... (183/183) src/main/java/com/myjavaworld/zip/ZipListener.java


✔ Packing completed successfully!

📈 Top 5 Files by Token Count:
──────────────────────────────
1.  src/main/java/com/myjavaworld/jftp/FTPSession.java (4,413 tokens, 18,333 chars, 4.5%)
2.  src/main/java/com/myjavaworld/jftp/JFTP.java (2,948 tokens, 12,330 chars, 3%)
3.  src/main/java/com/myjavaworld/jftp/FavoritePropertiesDlg.java (2,787 tokens, 10,897 chars, 2.8%)
4.  src/main/java/com/myjavaworld/jftp/ConnectionDlg.java (2,676 tokens, 10,523 chars, 2.7%)
5.  src/main/java/com/myjavaworld/jftp/RemoteFilePropertiesDlg.java (2,333 tokens, 8,673 chars, 2.4%)

🔎 Security Check:
──────────────────
✔ No suspicious files detected.


📊 Pack Summary:
────────────────
  Total Files: 183 files
 Total Tokens: 98,697 tokens
  Total Chars: 392,270 chars
       Output: C:\Users\BIUROE~1\AppData\Local\Temp\jftp-repomix-optimization-tep_6kbx\jftp-source.builtin-no-comments-compressed.xml
     Security: ✔ No suspicious files detected

🎉 All Done!
Your repository has been successfully packed.

💡 Repomix is now available in your browser! Try it at https://repomix.com
