
📦 Repomix v1.18.1


⠋ Initializing...


⠙ Searching for files...


⠹ Searching for files...


⠸ Collect file... (150/183) src/main/java/com/myjavaworld/jftp/RemoteSystemPopupMenu.java


⠼ Processing files...


⠴ Processing files...


⠦ Processing files...


⠧ Processing file... (39/183) src/main/java/com/myjavaworld/gui/MTextComponent.java


⠇ Processing file... (181/183) src/main/java/com/myjavaworld/zip/ZipListener.java


⠏ Calculating metrics... (50/183) src/main/java/com/myjavaworld/gui/SwingWorker.java


⠋ Calculating metrics... (183/183) pom.xml


✔ Packing completed successfully!

📈 Top 5 Files by Token Count:
──────────────────────────────
1.  src/main/java/com/myjavaworld/jftp/FTPSession.java (10,247 tokens, 40,495 chars, 5.6%)
2.  src/main/java/com/myjavaworld/jftp/RemoteFilePropertiesDlg.java (6,349 tokens, 20,285 chars, 3.5%)
3.  src/main/java/com/myjavaworld/jftp/FavoritePropertiesDlg.java (6,051 tokens, 20,648 chars, 3.3%)
4.  src/main/java/com/myjavaworld/jftp/ConnectionDlg.java (5,694 tokens, 19,493 chars, 3.1%)
5.  src/main/java/com/myjavaworld/jftp/JFTP.java (4,687 tokens, 18,403 chars, 2.6%)

🔎 Security Check:
──────────────────
✔ No suspicious files detected.


📊 Pack Summary:
────────────────
  Total Files: 183 files
 Total Tokens: 182,982 tokens
  Total Chars: 684,697 chars
       Output: C:\Users\BIUROE~1\AppData\Local\Temp\jftp-repomix-optimization-tep_6kbx\jftp-source.builtin-no-comments-full.xml
     Security: ✔ No suspicious files detected

🎉 All Done!
Your repository has been successfully packed.

💡 Repomix is now available in your browser! Try it at https://repomix.com
