
📦 Repomix v1.18.1

⚙️  1 file processor(s) active:
   **/*.java → node docs/RepoMix/artifacts/java-comments.mjs {file}

⠋ Initializing...


⠙ Searching for files...


⠹ Searching for files...


⠸ Searching for files...


⠼ Searching for files...


⠴ Collecting files...


⠦ Collect file... (185/185) pom.xml


⠧ Collect file... (185/185) pom.xml


⠇ Collect file... (185/185) pom.xml


⠏ Collect file... (185/185) pom.xml


⠋ Collect file... (185/185) pom.xml


⠙ Collect file... (185/185) pom.xml


⠹ Collect file... (185/185) pom.xml


⠸ Collect file... (185/185) pom.xml


⠼ Collect file... (185/185) pom.xml


⠴ Collect file... (185/185) pom.xml


⠦ Collect file... (185/185) pom.xml


⠧ Collect file... (185/185) pom.xml


⠇ Collect file... (185/185) pom.xml


⠏ Collect file... (185/185) pom.xml


⠋ Collect file... (185/185) pom.xml


⠙ Processing file with command... (1/184) src/main/java/com/myjavaworld/gui/DateCellRenderer.java


⠹ Processing file with command... (1/184) src/main/java/com/myjavaworld/gui/DateCellRenderer.java


⠸ Processing file with command... (2/184) src/main/java/com/myjavaworld/gui/GreenMetalLargeTheme.java


⠼ Processing file with command... (4/184) src/main/java/com/myjavaworld/gui/EditPopupMenu.java


⠴ Processing file with command... (5/184) src/main/java/com/myjavaworld/gui/DefaultLargeTheme.java


⠦ Processing file with command... (7/184) src/main/java/com/myjavaworld/gui/HighContrastLargeTheme.java


⠧ Processing file with command... (8/184) src/main/java/com/myjavaworld/gui/GUIUtil.java


⠇ Processing file with command... (8/184) src/main/java/com/myjavaworld/gui/GUIUtil.java


⠏ Processing file with command... (8/184) src/main/java/com/myjavaworld/gui/GUIUtil.java


⠋ Processing file with command... (8/184) src/main/java/com/myjavaworld/gui/GUIUtil.java


⠙ Processing file with command... (8/184) src/main/java/com/myjavaworld/gui/GUIUtil.java


⠹ Processing file with command... (8/184) src/main/java/com/myjavaworld/gui/GUIUtil.java


⠸ Processing file with command... (8/184) src/main/java/com/myjavaworld/gui/GUIUtil.java


⠼ Processing file with command... (8/184) src/main/java/com/myjavaworld/gui/GUIUtil.java


⠴ Processing file with command... (8/184) src/main/java/com/myjavaworld/gui/GUIUtil.java


⠦ Processing file with command... (9/184) src/main/java/com/myjavaworld/gui/HighContrastTheme.java


⠧ Processing file with command... (9/184) src/main/java/com/myjavaworld/gui/HighContrastTheme.java


⠇ Processing file with command... (9/184) src/main/java/com/myjavaworld/gui/HighContrastTheme.java


⠏ Processing file with command... (9/184) src/main/java/com/myjavaworld/gui/HighContrastTheme.java


⠋ Processing file with command... (9/184) src/main/java/com/myjavaworld/gui/HighContrastTheme.java


⠙ Processing file with command... (9/184) src/main/java/com/myjavaworld/gui/HighContrastTheme.java


⠹ Processing file with command... (12/184) src/main/java/com/myjavaworld/gui/ImageCellRenderer.java


⠸ Processing file with command... (14/184) src/main/java/com/myjavaworld/gui/MButton.java


⠼ Processing file with command... (14/184) src/main/java/com/myjavaworld/gui/MButton.java


⠴ Processing file with command... (15/184) src/main/java/com/myjavaworld/gui/LicenseAgreementDlg.java


⠦ Processing file with command... (16/184) src/main/java/com/myjavaworld/gui/MCheckBox.java


⠧ Processing file with command... (16/184) src/main/java/com/myjavaworld/gui/MCheckBox.java


⠇ Processing file with command... (16/184) src/main/java/com/myjavaworld/gui/MCheckBox.java


⠏ Processing file with command... (16/184) src/main/java/com/myjavaworld/gui/MCheckBox.java


⠋ Processing file with command... (16/184) src/main/java/com/myjavaworld/gui/MCheckBox.java


⠙ Processing file with command... (16/184) src/main/java/com/myjavaworld/gui/MCheckBox.java


⠹ Processing file with command... (17/184) src/main/java/com/myjavaworld/gui/MComboBox.java


⠸ Processing file with command... (17/184) src/main/java/com/myjavaworld/gui/MComboBox.java


⠼ Processing file with command... (17/184) src/main/java/com/myjavaworld/gui/MComboBox.java


⠴ Processing file with command... (17/184) src/main/java/com/myjavaworld/gui/MComboBox.java


⠦ Processing file with command... (17/184) src/main/java/com/myjavaworld/gui/MComboBox.java


⠧ Processing file with command... (18/184) src/main/java/com/myjavaworld/gui/MGlassPane.java


⠇ Processing file with command... (19/184) src/main/java/com/myjavaworld/gui/MDesktopPane.java


⠏ Processing file with command... (20/184) src/main/java/com/myjavaworld/gui/MFrame.java


⠋ Processing file with command... (21/184) src/main/java/com/myjavaworld/gui/MDefaultRenderer.java


⠙ Processing file with command... (21/184) src/main/java/com/myjavaworld/gui/MDefaultRenderer.java


⠹ Processing file with command... (21/184) src/main/java/com/myjavaworld/gui/MDefaultRenderer.java


⠸ Processing file with command... (21/184) src/main/java/com/myjavaworld/gui/MDefaultRenderer.java


⠼ Processing file with command... (22/184) src/main/java/com/myjavaworld/gui/MDialog.java


⠴ Processing file with command... (23/184) src/main/java/com/myjavaworld/gui/MInternalFrame.java


⠦ Processing file with command... (24/184) src/main/java/com/myjavaworld/gui/MLabel.java


⠧ Processing file with command... (24/184) src/main/java/com/myjavaworld/gui/MLabel.java


⠇ Processing file with command... (24/184) src/main/java/com/myjavaworld/gui/MLabel.java


⠏ Processing file with command... (24/184) src/main/java/com/myjavaworld/gui/MLabel.java


⠋ Processing file with command... (25/184) src/main/java/com/myjavaworld/gui/MLabelTextField.java


⠙ Processing file with command... (27/184) src/main/java/com/myjavaworld/gui/MList.java


⠹ Processing file with command... (28/184) src/main/java/com/myjavaworld/gui/MMenuItem.java


⠸ Processing file with command... (29/184) src/main/java/com/myjavaworld/gui/MOptionPane.java


⠼ Processing file with command... (29/184) src/main/java/com/myjavaworld/gui/MOptionPane.java


⠴ Processing file with command... (29/184) src/main/java/com/myjavaworld/gui/MOptionPane.java


⠦ Processing file with command... (29/184) src/main/java/com/myjavaworld/gui/MOptionPane.java


⠧ Processing file with command... (31/184) src/main/java/com/myjavaworld/gui/MPasswordField.java


⠇ Processing file with command... (31/184) src/main/java/com/myjavaworld/gui/MPasswordField.java


⠏ Processing file with command... (32/184) src/main/java/com/myjavaworld/gui/MPopupMenu.java


⠋ Processing file with command... (32/184) src/main/java/com/myjavaworld/gui/MPopupMenu.java


⠙ Processing file with command... (32/184) src/main/java/com/myjavaworld/gui/MPopupMenu.java


⠹ Processing file with command... (33/184) src/main/java/com/myjavaworld/gui/MRadioButton.java


⠸ Processing file with command... (35/184) src/main/java/com/myjavaworld/gui/MRadioButtonMenuItem.java


⠼ Processing file with command... (35/184) src/main/java/com/myjavaworld/gui/MRadioButtonMenuItem.java


⠴ Processing file with command... (36/184) src/main/java/com/myjavaworld/gui/MTableCellRenderer.java


⠦ Processing file with command... (36/184) src/main/java/com/myjavaworld/gui/MTableCellRenderer.java


⠧ Processing file with command... (36/184) src/main/java/com/myjavaworld/gui/MTableCellRenderer.java


⠇ Processing file with command... (36/184) src/main/java/com/myjavaworld/gui/MTableCellRenderer.java


⠏ Processing file with command... (36/184) src/main/java/com/myjavaworld/gui/MTableCellRenderer.java


⠋ Processing file with command... (38/184) src/main/java/com/myjavaworld/gui/MTable.java


⠙ Processing file with command... (39/184) src/main/java/com/myjavaworld/gui/MTextArea.java


⠹ Processing file with command... (40/184) src/main/java/com/myjavaworld/gui/MTextComponent.java


⠸ Processing file with command... (40/184) src/main/java/com/myjavaworld/gui/MTextComponent.java


⠼ Processing file with command... (41/184) src/main/java/com/myjavaworld/gui/MTree.java


⠴ Processing file with command... (42/184) src/main/java/com/myjavaworld/gui/MTextField.java


⠦ Processing file with command... (44/184) src/main/java/com/myjavaworld/gui/package-info.java


⠧ Processing file with command... (44/184) src/main/java/com/myjavaworld/gui/package-info.java


⠇ Processing file with command... (44/184) src/main/java/com/myjavaworld/gui/package-info.java


⠏ Processing file with command... (44/184) src/main/java/com/myjavaworld/gui/package-info.java


⠋ Processing file with command... (44/184) src/main/java/com/myjavaworld/gui/package-info.java


⠙ Processing file with command... (44/184) src/main/java/com/myjavaworld/gui/package-info.java


⠹ Processing file with command... (45/184) src/main/java/com/myjavaworld/gui/SandstoneLargeTheme.java


⠸ Processing file with command... (47/184) src/main/java/com/myjavaworld/gui/SandstoneTheme.java


⠼ Processing file with command... (48/184) src/main/java/com/myjavaworld/gui/ProgressDialog.java


⠴ Processing file with command... (49/184) src/main/java/com/myjavaworld/gui/SplashWindow.java


⠦ Processing file with command... (50/184) src/main/java/com/myjavaworld/jftp/actions/ChangeLocalDirectoryAction.java


⠧ Processing file with command... (50/184) src/main/java/com/myjavaworld/jftp/actions/ChangeLocalDirectoryAction.java


⠇ Processing file with command... (51/184) src/main/java/com/myjavaworld/gui/SwingWorker.java


⠏ Processing file with command... (52/184) src/main/java/com/myjavaworld/jftp/actions/AbortAction.java


⠋ Processing file with command... (52/184) src/main/java/com/myjavaworld/jftp/actions/AbortAction.java


⠙ Processing file with command... (52/184) src/main/java/com/myjavaworld/jftp/actions/AbortAction.java


⠹ Processing file with command... (52/184) src/main/java/com/myjavaworld/jftp/actions/AbortAction.java


⠸ Processing file with command... (52/184) src/main/java/com/myjavaworld/jftp/actions/AbortAction.java


⠼ Processing file with command... (52/184) src/main/java/com/myjavaworld/jftp/actions/AbortAction.java


⠴ Processing file with command... (53/184) src/main/java/com/myjavaworld/jftp/actions/ConnectAction.java


⠦ Processing file with command... (54/184) src/main/java/com/myjavaworld/jftp/actions/ChangeRemoteDirectoryAction.java


⠧ Processing file with command... (56/184) src/main/java/com/myjavaworld/jftp/actions/DeleteLocalFileAction.java


⠇ Processing file with command... (56/184) src/main/java/com/myjavaworld/jftp/actions/DeleteLocalFileAction.java


⠏ Processing file with command... (56/184) src/main/java/com/myjavaworld/jftp/actions/DeleteLocalFileAction.java


⠋ Processing file with command... (57/184) src/main/java/com/myjavaworld/jftp/actions/DownloadAction.java


⠙ Processing file with command... (58/184) src/main/java/com/myjavaworld/jftp/actions/DisconnectAction.java


⠹ Processing file with command... (59/184) src/main/java/com/myjavaworld/jftp/actions/DownloadAndUnzipAction.java


⠸ Processing file with command... (60/184) src/main/java/com/myjavaworld/jftp/actions/DownloadAsAction.java


⠼ Processing file with command... (60/184) src/main/java/com/myjavaworld/jftp/actions/DownloadAsAction.java


⠴ Processing file with command... (60/184) src/main/java/com/myjavaworld/jftp/actions/DownloadAsAction.java


⠦ Processing file with command... (60/184) src/main/java/com/myjavaworld/jftp/actions/DownloadAsAction.java


⠧ Processing file with command... (60/184) src/main/java/com/myjavaworld/jftp/actions/DownloadAsAction.java


⠇ Processing file with command... (61/184) src/main/java/com/myjavaworld/jftp/actions/EditLocalFileAction.java


⠏ Processing file with command... (61/184) src/main/java/com/myjavaworld/jftp/actions/EditLocalFileAction.java


⠋ Processing file with command... (62/184) src/main/java/com/myjavaworld/jftp/actions/EmailRemoteFileAction.java


⠙ Processing file with command... (62/184) src/main/java/com/myjavaworld/jftp/actions/EmailRemoteFileAction.java


⠹ Processing file with command... (63/184) src/main/java/com/myjavaworld/jftp/actions/EmailLocalFileAction.java


⠸ Processing file with command... (63/184) src/main/java/com/myjavaworld/jftp/actions/EmailLocalFileAction.java


⠼ Processing file with command... (63/184) src/main/java/com/myjavaworld/jftp/actions/EmailLocalFileAction.java


⠴ Processing file with command... (64/184) src/main/java/com/myjavaworld/jftp/actions/EditRemoteFileAction.java


⠦ Processing file with command... (68/184) src/main/java/com/myjavaworld/jftp/actions/NewLocalDirectoryAction.java


⠧ Processing file with command... (68/184) src/main/java/com/myjavaworld/jftp/actions/NewLocalDirectoryAction.java


⠇ Processing file with command... (68/184) src/main/java/com/myjavaworld/jftp/actions/NewLocalDirectoryAction.java


⠏ Processing file with command... (68/184) src/main/java/com/myjavaworld/jftp/actions/NewLocalDirectoryAction.java


⠋ Processing file with command... (69/184) src/main/java/com/myjavaworld/jftp/actions/NewRemoteDirectoryAction.java


⠙ Processing file with command... (69/184) src/main/java/com/myjavaworld/jftp/actions/NewRemoteDirectoryAction.java


⠹ Processing file with command... (69/184) src/main/java/com/myjavaworld/jftp/actions/NewRemoteDirectoryAction.java


⠸ Processing file with command... (70/184) src/main/java/com/myjavaworld/jftp/actions/NewRemoteFileAction.java


⠼ Processing file with command... (70/184) src/main/java/com/myjavaworld/jftp/actions/NewRemoteFileAction.java


⠴ Processing file with command... (70/184) src/main/java/com/myjavaworld/jftp/actions/NewRemoteFileAction.java


⠦ Processing file with command... (70/184) src/main/java/com/myjavaworld/jftp/actions/NewRemoteFileAction.java


⠧ Processing file with command... (72/184) src/main/java/com/myjavaworld/jftp/actions/ReconnectAction.java


⠇ Processing file with command... (74/184) src/main/java/com/myjavaworld/jftp/actions/PrintLocalFileAction.java


⠏ Processing file with command... (75/184) src/main/java/com/myjavaworld/jftp/actions/OpenLocalFileAction.java


⠋ Processing file with command... (75/184) src/main/java/com/myjavaworld/jftp/actions/OpenLocalFileAction.java


⠙ Processing file with command... (76/184) src/main/java/com/myjavaworld/jftp/actions/PrintRemoteFileAction.java


⠹ Processing file with command... (76/184) src/main/java/com/myjavaworld/jftp/actions/PrintRemoteFileAction.java


⠸ Processing file with command... (76/184) src/main/java/com/myjavaworld/jftp/actions/PrintRemoteFileAction.java


⠼ Processing file with command... (76/184) src/main/java/com/myjavaworld/jftp/actions/PrintRemoteFileAction.java


⠴ Processing file with command... (78/184) src/main/java/com/myjavaworld/jftp/actions/RenameLocalFileAction.java


⠦ Processing file with command... (78/184) src/main/java/com/myjavaworld/jftp/actions/RenameLocalFileAction.java


⠧ Processing file with command... (78/184) src/main/java/com/myjavaworld/jftp/actions/RenameLocalFileAction.java


⠇ Processing file with command... (78/184) src/main/java/com/myjavaworld/jftp/actions/RenameLocalFileAction.java


⠏ Processing file with command... (81/184) src/main/java/com/myjavaworld/jftp/ssl/CertificateDlg.java


⠋ Processing file with command... (81/184) src/main/java/com/myjavaworld/jftp/ssl/CertificateDlg.java


⠙ Processing file with command... (81/184) src/main/java/com/myjavaworld/jftp/ssl/CertificateDlg.java


⠹ Processing file with command... (81/184) src/main/java/com/myjavaworld/jftp/ssl/CertificateDlg.java


⠸ Processing file with command... (82/184) src/main/java/com/myjavaworld/jftp/actions/ZipAndUploadAction.java


⠼ Processing file with command... (83/184) src/main/java/com/myjavaworld/jftp/ssl/CertificateManagerDlg.java


⠴ Processing file with command... (84/184) src/main/java/com/myjavaworld/jftp/ssl/CertificatePane.java


⠦ Processing file with command... (84/184) src/main/java/com/myjavaworld/jftp/ssl/CertificatePane.java


⠧ Processing file with command... (84/184) src/main/java/com/myjavaworld/jftp/ssl/CertificatePane.java


⠇ Processing file with command... (84/184) src/main/java/com/myjavaworld/jftp/ssl/CertificatePane.java


⠏ Processing file with command... (84/184) src/main/java/com/myjavaworld/jftp/ssl/CertificatePane.java


⠋ Processing file with command... (85/184) src/main/java/com/myjavaworld/jftp/ssl/CertificateTableModel.java


⠙ Processing file with command... (85/184) src/main/java/com/myjavaworld/jftp/ssl/CertificateTableModel.java


⠹ Processing file with command... (86/184) src/main/java/com/myjavaworld/jftp/ssl/DNParser.java


⠸ Processing file with command... (88/184) src/main/java/com/myjavaworld/jftp/ssl/JFTPTrustManager.java


⠼ Processing file with command... (89/184) src/main/java/com/myjavaworld/jftp/ssl/JFTPSSLContext.java


⠴ Processing file with command... (89/184) src/main/java/com/myjavaworld/jftp/ssl/JFTPSSLContext.java


⠦ Processing file with command... (89/184) src/main/java/com/myjavaworld/jftp/ssl/JFTPSSLContext.java


⠧ Processing file with command... (89/184) src/main/java/com/myjavaworld/jftp/ssl/JFTPSSLContext.java


⠇ Processing file with command... (90/184) src/main/java/com/myjavaworld/jftp/ssl/KeyStoreManager.java


⠏ Processing file with command... (91/184) src/main/java/com/myjavaworld/jftp/AboutDlg.java


⠋ Processing file with command... (91/184) src/main/java/com/myjavaworld/jftp/AboutDlg.java


⠙ Processing file with command... (91/184) src/main/java/com/myjavaworld/jftp/AboutDlg.java


⠹ Processing file with command... (92/184) src/main/java/com/myjavaworld/jftp/ssl/SecurityWarningDlg.java


⠸ Processing file with command... (92/184) src/main/java/com/myjavaworld/jftp/ssl/SecurityWarningDlg.java


⠼ Processing file with command... (92/184) src/main/java/com/myjavaworld/jftp/ssl/SecurityWarningDlg.java


⠴ Processing file with command... (93/184) src/main/java/com/myjavaworld/jftp/AdvancedConnectionPrefsPanel.java


⠦ Processing file with command... (94/184) src/main/java/com/myjavaworld/jftp/ChangeLocalDirectoryDlg.java


⠧ Processing file with command... (94/184) src/main/java/com/myjavaworld/jftp/ChangeLocalDirectoryDlg.java


⠇ Processing file with command... (95/184) src/main/java/com/myjavaworld/jftp/AutoUpdater.java


⠏ Processing file with command... (95/184) src/main/java/com/myjavaworld/jftp/AutoUpdater.java


⠋ Processing file with command... (95/184) src/main/java/com/myjavaworld/jftp/AutoUpdater.java


⠙ Processing file with command... (96/184) src/main/java/com/myjavaworld/jftp/ChangeRemoteDirectoryDlg.java


⠹ Processing file with command... (97/184) src/main/java/com/myjavaworld/jftp/DnDTransferHandler.java


⠸ Processing file with command... (99/184) src/main/java/com/myjavaworld/jftp/ConnectionDlg.java


⠼ Processing file with command... (100/184) src/main/java/com/myjavaworld/jftp/DownloadAndUnzipDlg.java


⠴ Processing file with command... (100/184) src/main/java/com/myjavaworld/jftp/DownloadAndUnzipDlg.java


⠦ Processing file with command... (100/184) src/main/java/com/myjavaworld/jftp/DownloadAndUnzipDlg.java


⠧ Processing file with command... (100/184) src/main/java/com/myjavaworld/jftp/DownloadAndUnzipDlg.java


⠇ Processing file with command... (100/184) src/main/java/com/myjavaworld/jftp/DownloadAndUnzipDlg.java


⠏ Processing file with command... (101/184) src/main/java/com/myjavaworld/jftp/DownloadAsDlg.java


⠋ Processing file with command... (103/184) src/main/java/com/myjavaworld/jftp/DriveCellRenderer.java


⠙ Processing file with command... (103/184) src/main/java/com/myjavaworld/jftp/DriveCellRenderer.java


⠹ Processing file with command... (103/184) src/main/java/com/myjavaworld/jftp/DriveCellRenderer.java


⠸ Processing file with command... (104/184) src/main/java/com/myjavaworld/jftp/Favorite.java


⠼ Processing file with command... (104/184) src/main/java/com/myjavaworld/jftp/Favorite.java


⠴ Processing file with command... (104/184) src/main/java/com/myjavaworld/jftp/Favorite.java


⠦ Processing file with command... (105/184) src/main/java/com/myjavaworld/jftp/FavoritesManager.java


⠧ Processing file with command... (107/184) src/main/java/com/myjavaworld/jftp/FavoritePropertiesDlg.java


⠇ Processing file with command... (108/184) src/main/java/com/myjavaworld/jftp/FavoritesDlg.java


⠏ Processing file with command... (108/184) src/main/java/com/myjavaworld/jftp/FavoritesDlg.java


⠋ Processing file with command... (108/184) src/main/java/com/myjavaworld/jftp/FavoritesDlg.java


⠙ Processing file with command... (108/184) src/main/java/com/myjavaworld/jftp/FavoritesDlg.java


⠹ Processing file with command... (108/184) src/main/java/com/myjavaworld/jftp/FavoritesDlg.java


⠸ Processing file with command... (108/184) src/main/java/com/myjavaworld/jftp/FavoritesDlg.java


⠼ Processing file with command... (108/184) src/main/java/com/myjavaworld/jftp/FavoritesDlg.java


⠴ Processing file with command... (109/184) src/main/java/com/myjavaworld/jftp/HelpMenu.java


⠦ Processing file with command... (109/184) src/main/java/com/myjavaworld/jftp/HelpMenu.java


⠧ Processing file with command... (110/184) src/main/java/com/myjavaworld/jftp/GeneralConnectionPrefsPanel.java


⠇ Processing file with command... (111/184) src/main/java/com/myjavaworld/jftp/FTPSession.java


⠏ Processing file with command... (111/184) src/main/java/com/myjavaworld/jftp/FTPSession.java


⠋ Processing file with command... (111/184) src/main/java/com/myjavaworld/jftp/FTPSession.java


⠙ Processing file with command... (112/184) src/main/java/com/myjavaworld/jftp/JFTPApplet.java


⠹ Processing file with command... (113/184) src/main/java/com/myjavaworld/jftp/JFTP.java


⠸ Processing file with command... (114/184) src/main/java/com/myjavaworld/jftp/JFTPApplication.java


⠼ Processing file with command... (115/184) src/main/java/com/myjavaworld/jftp/JFTPConstants.java


⠴ Processing file with command... (115/184) src/main/java/com/myjavaworld/jftp/JFTPConstants.java


⠦ Processing file with command... (115/184) src/main/java/com/myjavaworld/jftp/JFTPConstants.java


⠧ Processing file with command... (115/184) src/main/java/com/myjavaworld/jftp/JFTPConstants.java


⠇ Processing file with command... (115/184) src/main/java/com/myjavaworld/jftp/JFTPConstants.java


⠏ Processing file with command... (116/184) src/main/java/com/myjavaworld/jftp/JFTPPreferences.java


⠋ Processing file with command... (117/184) src/main/java/com/myjavaworld/jftp/JFTPHelp2.java


⠙ Processing file with command... (117/184) src/main/java/com/myjavaworld/jftp/JFTPHelp2.java


⠹ Processing file with command... (118/184) src/main/java/com/myjavaworld/jftp/JFTPToolBar.java


⠸ Processing file with command... (118/184) src/main/java/com/myjavaworld/jftp/JFTPToolBar.java


⠼ Processing file with command... (118/184) src/main/java/com/myjavaworld/jftp/JFTPToolBar.java


⠴ Processing file with command... (118/184) src/main/java/com/myjavaworld/jftp/JFTPToolBar.java


⠦ Processing file with command... (118/184) src/main/java/com/myjavaworld/jftp/JFTPToolBar.java


⠧ Processing file with command... (118/184) src/main/java/com/myjavaworld/jftp/JFTPToolBar.java


⠇ Processing file with command... (118/184) src/main/java/com/myjavaworld/jftp/JFTPToolBar.java


⠏ Processing file with command... (121/184) src/main/java/com/myjavaworld/jftp/JFTPUtil.java


⠋ Processing file with command... (122/184) src/main/java/com/myjavaworld/jftp/LocalFile.java


⠙ Processing file with command... (123/184) src/main/java/com/myjavaworld/jftp/LocalFileCellRenderer.java


⠹ Processing file with command... (123/184) src/main/java/com/myjavaworld/jftp/LocalFileCellRenderer.java


⠸ Processing file with command... (123/184) src/main/java/com/myjavaworld/jftp/LocalFileCellRenderer.java


⠼ Processing file with command... (125/184) src/main/java/com/myjavaworld/jftp/LocalFileComparator.java


⠴ Processing file with command... (125/184) src/main/java/com/myjavaworld/jftp/LocalFileComparator.java


⠦ Processing file with command... (125/184) src/main/java/com/myjavaworld/jftp/LocalFileComparator.java


⠧ Processing file with command... (125/184) src/main/java/com/myjavaworld/jftp/LocalFileComparator.java


⠇ Processing file with command... (125/184) src/main/java/com/myjavaworld/jftp/LocalFileComparator.java


⠏ Processing file with command... (125/184) src/main/java/com/myjavaworld/jftp/LocalFileComparator.java


⠋ Processing file with command... (125/184) src/main/java/com/myjavaworld/jftp/LocalFileComparator.java


⠙ Processing file with command... (126/184) src/main/java/com/myjavaworld/jftp/LocalFileTableModel.java


⠹ Processing file with command... (127/184) src/main/java/com/myjavaworld/jftp/LocalPane.java


⠸ Processing file with command... (130/184) src/main/java/com/myjavaworld/jftp/LocalFilePropertiesDlg.java


⠼ Processing file with command... (131/184) src/main/java/com/myjavaworld/jftp/LocalSystemPopupMenu.java


⠴ Processing file with command... (131/184) src/main/java/com/myjavaworld/jftp/LocalSystemPopupMenu.java


⠦ Processing file with command... (131/184) src/main/java/com/myjavaworld/jftp/LocalSystemPopupMenu.java


⠧ Processing file with command... (131/184) src/main/java/com/myjavaworld/jftp/LocalSystemPopupMenu.java


⠇ Processing file with command... (132/184) src/main/java/com/myjavaworld/jftp/NewLocalDirectoryDlg.java


⠏ Processing file with command... (132/184) src/main/java/com/myjavaworld/jftp/NewLocalDirectoryDlg.java


⠋ Processing file with command... (132/184) src/main/java/com/myjavaworld/jftp/NewLocalDirectoryDlg.java


⠙ Processing file with command... (132/184) src/main/java/com/myjavaworld/jftp/NewLocalDirectoryDlg.java


⠹ Processing file with command... (133/184) src/main/java/com/myjavaworld/jftp/NewLocalFileDlg.java


⠸ Processing file with command... (133/184) src/main/java/com/myjavaworld/jftp/NewLocalFileDlg.java


⠼ Processing file with command... (133/184) src/main/java/com/myjavaworld/jftp/NewLocalFileDlg.java


⠴ Processing file with command... (134/184) src/main/java/com/myjavaworld/jftp/NewRemoteDirectoryDlg.java


⠦ Processing file with command... (138/184) src/main/java/com/myjavaworld/jftp/OSXAdapter.java


⠧ Processing file with command... (138/184) src/main/java/com/myjavaworld/jftp/OSXAdapter.java


⠇ Processing file with command... (138/184) src/main/java/com/myjavaworld/jftp/OSXAdapter.java


⠏ Processing file with command... (138/184) src/main/java/com/myjavaworld/jftp/OSXAdapter.java


⠋ Processing file with command... (139/184) src/main/java/com/myjavaworld/jftp/PreferencesDlg.java


⠙ Processing file with command... (139/184) src/main/java/com/myjavaworld/jftp/PreferencesDlg.java


⠹ Processing file with command... (139/184) src/main/java/com/myjavaworld/jftp/PreferencesDlg.java


⠸ Processing file with command... (139/184) src/main/java/com/myjavaworld/jftp/PreferencesDlg.java


⠼ Processing file with command... (139/184) src/main/java/com/myjavaworld/jftp/PreferencesDlg.java


⠴ Processing file with command... (139/184) src/main/java/com/myjavaworld/jftp/PreferencesDlg.java


⠦ Processing file with command... (139/184) src/main/java/com/myjavaworld/jftp/PreferencesDlg.java


⠧ Processing file with command... (140/184) src/main/java/com/myjavaworld/jftp/RemoteFileCellRenderer.java


⠇ Processing file with command... (140/184) src/main/java/com/myjavaworld/jftp/RemoteFileCellRenderer.java


⠏ Processing file with command... (140/184) src/main/java/com/myjavaworld/jftp/RemoteFileCellRenderer.java


⠋ Processing file with command... (140/184) src/main/java/com/myjavaworld/jftp/RemoteFileCellRenderer.java


⠙ Processing file with command... (140/184) src/main/java/com/myjavaworld/jftp/RemoteFileCellRenderer.java


⠹ Processing file with command... (142/184) src/main/java/com/myjavaworld/jftp/ProxyPrefsPanel.java


⠸ Processing file with command... (144/184) src/main/java/com/myjavaworld/jftp/RemoteFileTableModel.java


⠼ Processing file with command... (145/184) src/main/java/com/myjavaworld/jftp/RemoteFileFilterDlg.java


⠴ Processing file with command... (146/184) src/main/java/com/myjavaworld/jftp/RemoteFilePropertiesDlg.java


⠦ Processing file with command... (146/184) src/main/java/com/myjavaworld/jftp/RemoteFilePropertiesDlg.java


⠧ Processing file with command... (146/184) src/main/java/com/myjavaworld/jftp/RemoteFilePropertiesDlg.java


⠇ Processing file with command... (146/184) src/main/java/com/myjavaworld/jftp/RemoteFilePropertiesDlg.java


⠏ Processing file with command... (146/184) src/main/java/com/myjavaworld/jftp/RemoteFilePropertiesDlg.java


⠋ Processing file with command... (146/184) src/main/java/com/myjavaworld/jftp/RemoteFilePropertiesDlg.java


⠙ Processing file with command... (147/184) src/main/java/com/myjavaworld/jftp/RemotePane.java


⠹ Processing file with command... (147/184) src/main/java/com/myjavaworld/jftp/RemotePane.java


⠸ Processing file with command... (147/184) src/main/java/com/myjavaworld/jftp/RemotePane.java


⠼ Processing file with command... (147/184) src/main/java/com/myjavaworld/jftp/RemotePane.java


⠴ Processing file with command... (147/184) src/main/java/com/myjavaworld/jftp/RemotePane.java


⠦ Processing file with command... (147/184) src/main/java/com/myjavaworld/jftp/RemotePane.java


⠧ Processing file with command... (148/184) src/main/java/com/myjavaworld/jftp/RemoteSystemPopupMenu.java


⠇ Processing file with command... (148/184) src/main/java/com/myjavaworld/jftp/RemoteSystemPopupMenu.java


⠏ Processing file with command... (148/184) src/main/java/com/myjavaworld/jftp/RemoteSystemPopupMenu.java


⠋ Processing file with command... (148/184) src/main/java/com/myjavaworld/jftp/RemoteSystemPopupMenu.java


⠙ Processing file with command... (148/184) src/main/java/com/myjavaworld/jftp/RemoteSystemPopupMenu.java


⠹ Processing file with command... (148/184) src/main/java/com/myjavaworld/jftp/RemoteSystemPopupMenu.java


⠸ Processing file with command... (149/184) src/main/java/com/myjavaworld/jftp/RenameRemoteFileDlg.java


⠼ Processing file with command... (149/184) src/main/java/com/myjavaworld/jftp/RenameRemoteFileDlg.java


⠴ Processing file with command... (151/184) src/main/java/com/myjavaworld/jftp/SecurityPrefsPanel.java


⠦ Processing file with command... (151/184) src/main/java/com/myjavaworld/jftp/SecurityPrefsPanel.java


⠧ Processing file with command... (152/184) src/main/java/com/myjavaworld/jftp/RemoteSystemMenu.java


⠇ Processing file with command... (152/184) src/main/java/com/myjavaworld/jftp/RemoteSystemMenu.java


⠏ Processing file with command... (153/184) src/main/java/com/myjavaworld/jftp/RenameLocalFileDlg.java


⠋ Processing file with command... (153/184) src/main/java/com/myjavaworld/jftp/RenameLocalFileDlg.java


⠙ Processing file with command... (153/184) src/main/java/com/myjavaworld/jftp/RenameLocalFileDlg.java


⠹ Processing file with command... (154/184) src/main/java/com/myjavaworld/jftp/SoftwareUpdatePrefsPanel.java


⠸ Processing file with command... (154/184) src/main/java/com/myjavaworld/jftp/SoftwareUpdatePrefsPanel.java


⠼ Processing file with command... (154/184) src/main/java/com/myjavaworld/jftp/SoftwareUpdatePrefsPanel.java


⠴ Processing file with command... (154/184) src/main/java/com/myjavaworld/jftp/SoftwareUpdatePrefsPanel.java


⠦ Processing file with command... (155/184) src/main/java/com/myjavaworld/jftp/StatusBar.java


⠧ Processing file with command... (155/184) src/main/java/com/myjavaworld/jftp/StatusBar.java


⠇ Processing file with command... (155/184) src/main/java/com/myjavaworld/jftp/StatusBar.java


⠏ Processing file with command... (155/184) src/main/java/com/myjavaworld/jftp/StatusBar.java


⠋ Processing file with command... (155/184) src/main/java/com/myjavaworld/jftp/StatusBar.java


⠙ Processing file with command... (156/184) src/main/java/com/myjavaworld/jftp/StatusWindow.java


⠹ Processing file with command... (156/184) src/main/java/com/myjavaworld/jftp/StatusWindow.java


⠸ Processing file with command... (156/184) src/main/java/com/myjavaworld/jftp/StatusWindow.java


⠼ Processing file with command... (157/184) src/main/java/com/myjavaworld/jftp/ToolsMenu.java


⠴ Processing file with command... (160/184) src/main/java/com/myjavaworld/jftp/TransferModeMenu.java


⠦ Processing file with command... (160/184) src/main/java/com/myjavaworld/jftp/TransferModeMenu.java


⠧ Processing file with command... (166/184) src/main/java/com/myjavaworld/jftp/UploadAsDlg.java


⠇ Processing file with command... (166/184) src/main/java/com/myjavaworld/jftp/UploadAsDlg.java


⠏ Processing file with command... (168/184) src/main/java/com/myjavaworld/util/FileChangeEvent.java


⠋ Processing file with command... (168/184) src/main/java/com/myjavaworld/util/FileChangeEvent.java


⠙ Processing file with command... (168/184) src/main/java/com/myjavaworld/util/FileChangeEvent.java


⠹ Processing file with command... (168/184) src/main/java/com/myjavaworld/util/FileChangeEvent.java


⠸ Processing file with command... (168/184) src/main/java/com/myjavaworld/util/FileChangeEvent.java


⠼ Processing file with command... (168/184) src/main/java/com/myjavaworld/util/FileChangeEvent.java


⠴ Processing file with command... (168/184) src/main/java/com/myjavaworld/util/FileChangeEvent.java


⠦ Processing file with command... (168/184) src/main/java/com/myjavaworld/util/FileChangeEvent.java


⠧ Processing file with command... (168/184) src/main/java/com/myjavaworld/util/FileChangeEvent.java


⠇ Processing file with command... (168/184) src/main/java/com/myjavaworld/util/FileChangeEvent.java


⠏ Processing file with command... (169/184) src/main/java/com/myjavaworld/util/ProgressListener.java


⠋ Processing file with command... (170/184) src/main/java/com/myjavaworld/util/package-info.java


⠙ Processing file with command... (172/184) src/main/java/com/myjavaworld/util/FileUtilities.java


⠹ Processing file with command... (172/184) src/main/java/com/myjavaworld/util/FileUtilities.java


⠸ Processing file with command... (173/184) src/main/java/com/myjavaworld/util/ProgressEvent.java


⠼ Processing file with command... (174/184) src/main/java/com/myjavaworld/util/StatusListener.java


⠴ Processing file with command... (176/184) src/main/java/com/myjavaworld/util/StatusEvent.java


⠦ Processing file with command... (176/184) src/main/java/com/myjavaworld/util/StatusEvent.java


⠧ Processing file with command... (176/184) src/main/java/com/myjavaworld/util/StatusEvent.java


⠇ Processing file with command... (176/184) src/main/java/com/myjavaworld/util/StatusEvent.java


⠏ Processing file with command... (176/184) src/main/java/com/myjavaworld/util/StatusEvent.java


⠋ Processing file with command... (176/184) src/main/java/com/myjavaworld/util/StatusEvent.java


⠙ Processing file with command... (177/184) src/main/java/com/myjavaworld/util/SystemUtil.java


⠹ Processing file with command... (177/184) src/main/java/com/myjavaworld/util/SystemUtil.java


⠸ Processing file with command... (177/184) src/main/java/com/myjavaworld/util/SystemUtil.java


⠼ Processing file with command... (177/184) src/main/java/com/myjavaworld/util/SystemUtil.java


⠴ Processing file with command... (178/184) src/main/java/com/myjavaworld/util/StringUtilities.java


⠦ Processing file with command... (182/184) src/test/java/com/myjavaworld/jftp/StartupStateProbe.java


⠧ Processing file with command... (183/184) src/main/java/com/myjavaworld/zip/ZipListener.java


⠇ Processing file with command... (183/184) src/main/java/com/myjavaworld/zip/ZipListener.java


⠏ Processing files...


⠋ Processing files...


⠙ Processing files...


⠹ Processing files...


⠸ Processing files...


⠼ Running security check... (100/185) src/main/java/com/myjavaworld/jftp/DownloadAndUnzipDlg.java


⠴ Processing file... (2/185) src/main/java/com/myjavaworld/gui/DateCellRenderer.java


⠦ Processing file... (31/185) src/main/java/com/myjavaworld/gui/MPasswordField.java


⠧ Processing file... (86/185) src/main/java/com/myjavaworld/jftp/ssl/DNParser.java


⠇ Processing file... (104/185) src/main/java/com/myjavaworld/jftp/ExecuteCommandDlg.java


⠏ Processing file... (120/185) src/main/java/com/myjavaworld/jftp/LocaleCellRenderer.java


⠋ Processing file... (143/185) src/main/java/com/myjavaworld/jftp/RemoteFileFilterDlg.java


⠙ Processing file... (178/185) src/main/java/com/myjavaworld/util/SystemUtil.java


⠹ Writing output file...


⠸ Writing output file...


⠼ Writing output file...


⠴ Writing output file...


✔ Packing completed successfully!

📈 Top 5 Files by Token Count:
──────────────────────────────
1.  src/main/java/com/myjavaworld/jftp/FTPSession.java (4,677 tokens, 19,471 chars, 4.1%)
2.  src/main/java/com/myjavaworld/jftp/JFTP.java (3,571 tokens, 14,917 chars, 3.1%)
3.  src/main/java/com/myjavaworld/jftp/FavoritePropertiesDlg.java (3,136 tokens, 12,256 chars, 2.7%)
4.  src/main/java/com/myjavaworld/jftp/ConnectionDlg.java (2,756 tokens, 10,916 chars, 2.4%)
5.  src/main/java/com/myjavaworld/jftp/RemoteFilePropertiesDlg.java (2,348 tokens, 8,740 chars, 2%)

🔎 Security Check:
──────────────────
✔ No suspicious files detected.


📊 Pack Summary:
────────────────
  Total Files: 185 files
 Total Tokens: 115,066 tokens
  Total Chars: 456,268 chars
       Output: C:\Users\BIUROE~1\AppData\Local\Temp\jftp-repomix-optimization-cv41b22l\jftp-source.selective-compressed.xml
     Security: ✔ No suspicious files detected

🎉 All Done!
Your repository has been successfully packed.

💡 Repomix is now available in your browser! Try it at https://repomix.com
