DESKTOP-STATE startup visible=true sessions=1 bounds=java.awt.Rectangle[x=80,y=80,width=1280,height=800]
DESKTOP-STATE new-session visible=true sessions=1 bounds=java.awt.Rectangle[x=80,y=80,width=1280,height=800]
DESKTOP-STATE new-session visible=true sessions=2 bounds=java.awt.Rectangle[x=80,y=80,width=1280,height=800]
DESKTOP-STATE preferences visible=true sessions=2 bounds=java.awt.Rectangle[x=80,y=80,width=1280,height=800]
DIALOG Preferences bounds=java.awt.Rectangle[x=430,y=287,width=579,height=386]
DESKTOP-STATE cancel visible=true sessions=2 bounds=java.awt.Rectangle[x=80,y=80,width=1280,height=800]
DESKTOP-STATE preferences visible=true sessions=2 bounds=java.awt.Rectangle[x=80,y=80,width=1280,height=800]
DIALOG Preferences bounds=java.awt.Rectangle[x=430,y=287,width=579,height=386]
DESKTOP-STATE save visible=true sessions=2 bounds=java.awt.Rectangle[x=80,y=80,width=1280,height=800]
DIALOG Preferences bounds=java.awt.Rectangle[x=430,y=287,width=579,height=386]
DIALOG Information bounds=java.awt.Rectangle[x=531,y=415,width=377,height=130]
DESKTOP-STATE close-session visible=true sessions=2 bounds=java.awt.Rectangle[x=80,y=80,width=1280,height=800]
DIALOG Preferences bounds=java.awt.Rectangle[x=430,y=287,width=579,height=386]
DIALOG Information bounds=java.awt.Rectangle[x=531,y=415,width=377,height=130]
DESKTOP-STATE close-dialog visible=true sessions=2 bounds=java.awt.Rectangle[x=80,y=80,width=1280,height=800]
DESKTOP-STATE close-session visible=true sessions=2 bounds=java.awt.Rectangle[x=80,y=80,width=1280,height=800]
DESKTOP-STATE about visible=true sessions=2 bounds=java.awt.Rectangle[x=80,y=80,width=1280,height=800]
DIALOG About JFTP  bounds=java.awt.Rectangle[x=471,y=289,width=498,height=382]
DESKTOP-STATE close-dialog visible=true sessions=2 bounds=java.awt.Rectangle[x=80,y=80,width=1280,height=800]
DIALOG About JFTP  bounds=java.awt.Rectangle[x=471,y=289,width=498,height=382]
DESKTOP-STATE observe visible=true sessions=1 bounds=java.awt.Rectangle[x=80,y=80,width=1280,height=800]
DIALOG About JFTP  bounds=java.awt.Rectangle[x=471,y=289,width=498,height=382]
