[INFO] Scanning for projects...
[INFO] Loaded 24027 auto-discovered prefixes for remote repository central (prefixes-central.txt)
[INFO] Loaded 74 auto-discovered prefixes for remote repository apache.snapshots (prefixes-apache.snapshots.txt)
[INFO] 
[INFO] ------------------------< com.myjavaworld:jftp >------------------------
[INFO] Building jftp 5.0.2-SNAPSHOT
[INFO]   from pom.xml
[INFO] --------------------------------[ jar ]---------------------------------
[INFO] 
[INFO] --- resources:3.5.0:resources (default-resources) @ jftp ---
[INFO] Copying 59 resources from src\main\resources to target\classes
[INFO] Copying 57 resources from src\main\resources_de to target\classes
[INFO] Copying 58 resources from src\main\resources_zh_TW to target\classes
[INFO] Copying 50 resources from src\main\images to target\classes
[INFO] Copying 155 resources from src\main\help to target\classes
[INFO] 
[INFO] --- compiler:3.13.0:compile (default-compile) @ jftp ---
[INFO] Nothing to compile - all classes are up to date.
[INFO] 
[INFO] --- resources:3.5.0:testResources (default-testResources) @ jftp ---
[INFO] Copying 1 resource from src\test\resources to target\test-classes
[INFO] 
[INFO] --- compiler:3.13.0:testCompile (default-testCompile) @ jftp ---
[INFO] Nothing to compile - all classes are up to date.
[INFO] 
[INFO] --- surefire:3.6.0:test (default-test) @ jftp ---
[INFO] Using auto detected provider org.apache.maven.surefire.junitplatform.JUnitPlatformProvider
[INFO] 
[INFO] -------------------------------------------------------
[INFO]  T E S T S
[INFO] -------------------------------------------------------
[INFO] Running com.myjavaworld.jftp.StartupStateTest
[INFO] Tests run: 3, Failures: 0, Errors: 0, Skipped: 0, Time elapsed: 12.43 s -- in com.myjavaworld.jftp.StartupStateTest
[INFO] 
[INFO] Results:
[INFO] 
[INFO] Tests run: 3, Failures: 0, Errors: 0, Skipped: 0
[INFO] 
[INFO] 
[INFO] --- dependency:3.8.1:copy-dependencies (default-cli) @ jftp ---
[INFO] junit:junit:jar:4.13.2 already exists in destination.
[INFO] org.hamcrest:hamcrest-core:jar:1.3 already exists in destination.
[INFO] com.myjavaworld:ftpapi:jar:3.0.0 already exists in destination.
[INFO] javax.help:javahelp:jar:2.0.05 already exists in destination.
[INFO] ------------------------------------------------------------------------
[INFO] BUILD SUCCESS
[INFO] ------------------------------------------------------------------------
[INFO] Total time:  39.255 s
[INFO] Finished at: 2026-10-08T15:19:37+01:00
[INFO] ------------------------------------------------------------------------
