[INFO] Scanning for projects...
[INFO] Loaded 24027 auto-discovered prefixes for remote repository central (prefixes-central.txt)
[INFO] 
[INFO] ------------------------< com.myjavaworld:jftp >------------------------
[INFO] Building jftp 5.0.2-SNAPSHOT
[INFO]   from pom.xml
[INFO] --------------------------------[ jar ]---------------------------------
[WARNING] junit:junit:jar:3.8.1 was downloaded from https://repo.maven.apache.org/maven2 while a cached not-found from a previous attempt suppresses re-checking https://www.jmethods.com/mvn-repo/; expiring the cached not-found so that repository is checked again on the next resolution
[WARNING] javax.help:javahelp:jar:2.0.05 was downloaded from https://repo.maven.apache.org/maven2 while a cached not-found from a previous attempt suppresses re-checking https://www.jmethods.com/mvn-repo/; expiring the cached not-found so that repository is checked again on the next resolution
[INFO] 
[INFO] --- resources:3.5.0:resources (default-resources) @ jftp ---
[INFO] Copying 59 resources from src\main\resources to target\classes
[INFO] Copying 57 resources from src\main\resources_de to target\classes
[INFO] Copying 58 resources from src\main\resources_zh_TW to target\classes
[INFO] Copying 50 resources from src\main\images to target\classes
[INFO] Copying 155 resources from src\main\help to target\classes
[INFO] 
[INFO] --- compiler:2.4:compile (default-compile) @ jftp ---
[INFO] Compiling 182 source files to C:\Users\BiuroEdukey\DEV\COURSES\Sages\jftp\target\classes
[INFO] -------------------------------------------------------------
[ERROR] COMPILATION ERROR : 
[INFO] -------------------------------------------------------------
[ERROR] error: Source option 5 is no longer supported. Use 8 or later.
[ERROR] error: Target option 5 is no longer supported. Use 8 or later.
[INFO] 2 errors 
[INFO] -------------------------------------------------------------
[INFO] ------------------------------------------------------------------------
[ERROR] BUILD FAILURE
[INFO] ------------------------------------------------------------------------
[INFO] Total time:  6.772 s
[INFO] Finished at: 2026-10-08T14:39:26+01:00
[INFO] ------------------------------------------------------------------------
[ERROR] Failed to execute goal org.apache.maven.plugins:maven-compiler-plugin:2.4:compile (default-compile) on project jftp: Compilation failure: Compilation failure: 
[ERROR] error: Source option 5 is no longer supported. Use 8 or later.
[ERROR] error: Target option 5 is no longer supported. Use 8 or later.
[ERROR] -> [Help 1]
[ERROR] 
[ERROR] To see the full stack trace of the errors, re-run Maven with the -e switch.
[ERROR] Re-run Maven using the -X switch to enable full debug logging.
[ERROR] 
[ERROR] For more information about the errors and possible solutions, please read the following articles:
[ERROR] [Help 1] http://cwiki.apache.org/confluence/display/MAVEN/MojoFailureException
