[INFO] Scanning for projects...
[INFO] Loaded 24027 auto-discovered prefixes for remote repository central (prefixes-central.txt)
[INFO] 
[INFO] ------------------------< com.myjavaworld:jftp >------------------------
[INFO] Building jftp 5.0.2-SNAPSHOT
[INFO]   from pom.xml
[INFO] --------------------------------[ jar ]---------------------------------
[INFO] Loaded 74 auto-discovered prefixes for remote repository apache.snapshots (prefixes-apache.snapshots.txt)
[WARNING] junit:junit:pom:4.13.2 was downloaded from https://repo.maven.apache.org/maven2 while a cached not-found from a previous attempt suppresses re-checking https://www.jmethods.com/mvn-repo/; expiring the cached not-found so that repository is checked again on the next resolution
[WARNING] org.hamcrest:hamcrest-core:pom:1.3 was downloaded from https://repo.maven.apache.org/maven2 while a cached not-found from a previous attempt suppresses re-checking https://www.jmethods.com/mvn-repo/; expiring the cached not-found so that repository is checked again on the next resolution
[WARNING] org.hamcrest:hamcrest-parent:pom:1.3 was downloaded from https://repo.maven.apache.org/maven2 while a cached not-found from a previous attempt suppresses re-checking https://www.jmethods.com/mvn-repo/; expiring the cached not-found so that repository is checked again on the next resolution
[WARNING] junit:junit:jar:4.13.2 was downloaded from https://repo.maven.apache.org/maven2 while a cached not-found from a previous attempt suppresses re-checking https://www.jmethods.com/mvn-repo/; expiring the cached not-found so that repository is checked again on the next resolution
[WARNING] org.hamcrest:hamcrest-core:jar:1.3 was downloaded from https://repo.maven.apache.org/maven2 while a cached not-found from a previous attempt suppresses re-checking https://www.jmethods.com/mvn-repo/; expiring the cached not-found so that repository is checked again on the next resolution
[INFO] 
[INFO] --- resources:3.5.0:resources (default-resources) @ jftp ---
[INFO] Copying 59 resources from src\main\resources to target\classes
[INFO] Copying 57 resources from src\main\resources_de to target\classes
[INFO] Copying 58 resources from src\main\resources_zh_TW to target\classes
[INFO] Copying 50 resources from src\main\images to target\classes
[INFO] Copying 155 resources from src\main\help to target\classes
[INFO] 
[INFO] --- compiler:3.13.0:compile (default-compile) @ jftp ---
[INFO] Nothing to compile - all classes are up to date.
[INFO] 
[INFO] --- resources:3.5.0:testResources (default-testResources) @ jftp ---
[INFO] Copying 1 resource from src\test\resources to target\test-classes
[INFO] 
[INFO] --- compiler:3.13.0:testCompile (default-testCompile) @ jftp ---
[INFO] Recompiling the module because of changed source code.
[INFO] Compiling 2 source files with javac [debug release 8] to target\test-classes
[WARNING] source value 8 is obsolete and will be removed in a future release
[WARNING] target value 8 is obsolete and will be removed in a future release
[WARNING] To suppress warnings about obsolete options, use -Xlint:-options.
[INFO] 
[INFO] --- surefire:3.6.0:test (default-test) @ jftp ---
[INFO] Using auto detected provider org.apache.maven.surefire.junitplatform.JUnitPlatformProvider
[WARNING] org.junit.vintage:junit-vintage-engine:pom:5.14.4 was downloaded from https://repo.maven.apache.org/maven2 while a cached not-found from a previous attempt suppresses re-checking https://www.jmethods.com/mvn-repo/; expiring the cached not-found so that repository is checked again on the next resolution
[WARNING] org.junit.vintage:junit-vintage-engine:jar:5.14.4 was downloaded from https://repo.maven.apache.org/maven2 while a cached not-found from a previous attempt suppresses re-checking https://www.jmethods.com/mvn-repo/; expiring the cached not-found so that repository is checked again on the next resolution
[INFO] 
[INFO] -------------------------------------------------------
[INFO]  T E S T S
[INFO] -------------------------------------------------------
[INFO] Running com.myjavaworld.jftp.StartupStateTest
[ERROR] Tests run: 3, Failures: 1, Errors: 0, Skipped: 0, Time elapsed: 4.624 s <<< FAILURE! -- in com.myjavaworld.jftp.StartupStateTest
[ERROR] com.myjavaworld.jftp.StartupStateTest.testFirstStartCreatesReadableDefaults -- Time elapsed: 0.019 s <<< FAILURE!
junit.framework.AssertionFailedError: Test discovery canary
	at junit.framework.Assert.fail(Assert.java:57)
	at junit.framework.TestCase.fail(TestCase.java:223)
	at com.myjavaworld.jftp.StartupStateTest.testFirstStartCreatesReadableDefaults(StartupStateTest.java:30)
	at java.base/java.lang.reflect.Method.invoke(Method.java:580)
	at junit.framework.TestCase.runTest(TestCase.java:177)
	at junit.framework.TestCase.runBare(TestCase.java:142)
	at junit.framework.TestResult$1.protect(TestResult.java:122)
	at junit.framework.TestResult.runProtected(TestResult.java:142)
	at junit.framework.TestResult.run(TestResult.java:125)
	at junit.framework.TestCase.run(TestCase.java:130)
	at junit.framework.TestSuite.runTest(TestSuite.java:241)
	at junit.framework.TestSuite.run(TestSuite.java:236)

[INFO] 
[INFO] Results:
[INFO] 
[ERROR] Failures: 
[ERROR]   StartupStateTest.testFirstStartCreatesReadableDefaults:30 Test discovery canary
[INFO] 
[ERROR] Tests run: 3, Failures: 1, Errors: 0, Skipped: 0
[INFO] 
[INFO] ------------------------------------------------------------------------
[ERROR] BUILD FAILURE
[INFO] ------------------------------------------------------------------------
[INFO] Total time:  12.734 s
[INFO] Finished at: 2026-10-08T14:42:43+01:00
[INFO] ------------------------------------------------------------------------
[ERROR] Failed to execute goal org.apache.maven.plugins:maven-surefire-plugin:3.6.0:test (default-test) on project jftp: There are test failures.
[ERROR] 
[ERROR] See C:\Users\BiuroEdukey\DEV\COURSES\Sages\jftp\target\surefire-reports for the individual test results.
[ERROR] See dump files (if any exist) [date].dump, [date]-jvmRun[N].dump and [date].dumpstream.
[ERROR] -> [Help 1]
[ERROR] 
[ERROR] To see the full stack trace of the errors, re-run Maven with the -e switch.
[ERROR] Re-run Maven using the -X switch to enable full debug logging.
[ERROR] 
[ERROR] For more information about the errors and possible solutions, please read the following articles:
[ERROR] [Help 1] http://cwiki.apache.org/confluence/display/MAVEN/MojoFailureException
